// Jest Snapshot v1, https://goo.gl/fbAQLP

exports[`CreateQuestion should match the snapshot 1`] = `
<div>
  <div />
  <div>
    <nav
      class="navbar navbar-expand-lg bg-primary"
      data-testid="menu"
    >
      <div
        class="container"
      >
        <a
          class="navbar-brand link-light"
          href="/"
        >
          Employee Polls
        </a>
        <div
          class="collapse navbar-collapse"
          id="navbarText"
        >
          <ul
            class="navbar-nav me-auto mb-2 mb-lg-0"
          >
            <li
              class="nav-item"
            >
              <a
                class="nav-link active link-light"
                href="/"
              >
                Home
              </a>
            </li>
            <li
              class="nav-item"
            >
              <a
                class="nav-link link-light"
                href="/leaderboard"
              >
                Leaderboard
              </a>
            </li>
            <li
              class="nav-item"
            >
              <a
                class="nav-link link-light"
                href="/add"
              >
                Add question
              </a>
            </li>
          </ul>
          <ul
            class="navbar-nav mb-2 mb-lg-0"
          >
            <li
              class="nav-item"
            >
              <span
                class="nav-link link-light"
              >
                <div
                  class="avatar"
                >
                  <img
                    alt="Avatar"
                    class="avatar"
                    src="/assets/avatar_1.jpg"
                  />
                </div>
                Sarah Edo
              </span>
            </li>
            <li
              class="nav-item"
            >
              <span
                class="nav-link link-light logout"
              >
                Logout
              </span>
            </li>
          </ul>
        </div>
      </div>
    </nav>
    <div
      class="container"
    >
      <div
        class="card mt-5"
        role="contentinfo"
      >
        <div
          class="card-header"
        >
          Add Your Own Poll
        </div>
        <div
          class="card-body"
        >
          <h1>
            Would you rather...
          </h1>
          <form>
            <div
              class="form-group mt-3"
            >
              <label
                class="form-label"
              >
                Option 1
              </label>
              <input
                class="form-control"
                name="optionOne"
                placeholder="Enter option one text here"
                type="text"
              />
            </div>
            <div
              class="form-group mt-3"
            >
              <label
                class="form-label"
              >
                Option 2
              </label>
              <input
                class="form-control"
                name="optionTwo"
                placeholder="Enter option two text here"
                type="text"
              />
            </div>
            <div
              class="mt-3"
            >
              <button
                class="btn btn-primary btn-lg"
                type="submit"
              >
                Submit
              </button>
            </div>
          </form>
        </div>
      </div>
    </div>
  </div>
</div>
`;
