// Jest Snapshot v1, https://goo.gl/fbAQLP

exports[`Home with authed user should match the snapshot 1`] = `
<div>
  <div />
  <div>
    <nav
      class="navbar navbar-expand-lg bg-primary"
      data-testid="menu"
    >
      <div
        class="container"
      >
        <a
          class="navbar-brand link-light"
          href="/"
        >
          Employee Polls
        </a>
        <div
          class="collapse navbar-collapse"
          id="navbarText"
        >
          <ul
            class="navbar-nav me-auto mb-2 mb-lg-0"
          >
            <li
              class="nav-item"
            >
              <a
                class="nav-link active link-light"
                href="/"
              >
                Home
              </a>
            </li>
            <li
              class="nav-item"
            >
              <a
                class="nav-link link-light"
                href="/leaderboard"
              >
                Leaderboard
              </a>
            </li>
            <li
              class="nav-item"
            >
              <a
                class="nav-link link-light"
                href="/add"
              >
                Add question
              </a>
            </li>
          </ul>
          <ul
            class="navbar-nav mb-2 mb-lg-0"
          >
            <li
              class="nav-item"
            >
              <span
                class="nav-link link-light"
              >
                <div
                  class="avatar"
                >
                  <img
                    alt="Avatar"
                    class="avatar"
                    src="/assets/avatar_1.jpg"
                  />
                </div>
                Sarah Edo
              </span>
            </li>
            <li
              class="nav-item"
            >
              <span
                class="nav-link link-light logout"
              >
                Logout
              </span>
            </li>
          </ul>
        </div>
      </div>
    </nav>
    <div
      class="container"
    >
      <div
        role="contentinfo"
      >
        <div
          class="card mt-5"
        >
          <div
            class="card-header"
          >
            Unanswered
          </div>
          <div
            class="card-body"
          >
            <div
              class="row row-cols-4"
              data-testid="unanswered-questions"
            />
          </div>
        </div>
        <div
          class="card mt-5 mb-5"
        >
          <div
            class="card-header"
          >
            Answered
          </div>
          <div
            class="card-body"
          >
            <div
              class="row row-cols-4"
              data-testid="answered-questions"
            >
              <div
                class="column"
              >
                <div
                  class="card text-center mb-3"
                  role="article"
                >
                  <div
                    class="card-body"
                  >
                    <div
                      class="avatar"
                    >
                      <img
                        alt="Avatar"
                        class="avatar"
                        src="/assets/avatar_1.jpg"
                      />
                    </div>
                    <h5
                      class="card-title mb-0"
                    >
                      Sarah Edo
                    </h5>
                    <p
                      class="card-text text-secondary"
                    >
                      July 14, 2016 at 2 AM
                    </p>
                    <a
                      class="btn btn-outline-primary"
                      href="/questions/6ni6ok3ym7mf1p33lnez"
                    >
                      Show details
                    </a>
                  </div>
                </div>
              </div>
              <div
                class="column"
              >
                <div
                  class="card text-center mb-3"
                  role="article"
                >
                  <div
                    class="card-body"
                  >
                    <div
                      class="avatar"
                    >
                      <img
                        alt="Avatar"
                        class="avatar"
                        src="/assets/avatar_1.jpg"
                      />
                    </div>
                    <h5
                      class="card-title mb-0"
                    >
                      Sarah Edo
                    </h5>
                    <p
                      class="card-text text-secondary"
                    >
                      June 28, 2016 at 9 PM
                    </p>
                    <a
                      class="btn btn-outline-primary"
                      href="/questions/8xf0y6ziyjabvozdd253nd"
                    >
                      Show details
                    </a>
                  </div>
                </div>
              </div>
            </div>
          </div>
        </div>
      </div>
    </div>
  </div>
</div>
`;
