// Jest Snapshot v1, https://goo.gl/fbAQLP

exports[`Leaderboard should match the snapshot 1`] = `
<div>
  <div />
  <div>
    <nav
      class="navbar navbar-expand-lg bg-primary"
      data-testid="menu"
    >
      <div
        class="container"
      >
        <a
          class="navbar-brand link-light"
          href="/"
        >
          Employee Polls
        </a>
        <div
          class="collapse navbar-collapse"
          id="navbarText"
        >
          <ul
            class="navbar-nav me-auto mb-2 mb-lg-0"
          >
            <li
              class="nav-item"
            >
              <a
                class="nav-link active link-light"
                href="/"
              >
                Home
              </a>
            </li>
            <li
              class="nav-item"
            >
              <a
                class="nav-link link-light"
                href="/leaderboard"
              >
                Leaderboard
              </a>
            </li>
            <li
              class="nav-item"
            >
              <a
                class="nav-link link-light"
                href="/add"
              >
                Add question
              </a>
            </li>
          </ul>
          <ul
            class="navbar-nav mb-2 mb-lg-0"
          >
            <li
              class="nav-item"
            >
              <span
                class="nav-link link-light"
              >
                <div
                  class="avatar"
                >
                  <img
                    alt="Avatar"
                    class="avatar"
                    src="/assets/avatar_1.jpg"
                  />
                </div>
                Sarah Edo
              </span>
            </li>
            <li
              class="nav-item"
            >
              <span
                class="nav-link link-light logout"
              >
                Logout
              </span>
            </li>
          </ul>
        </div>
      </div>
    </nav>
    <div
      class="container"
    >
      <div
        class="card mt-5"
        role="contentinfo"
      >
        <div
          class="card-header"
        >
          Leaderboard
        </div>
        <div
          class="card-body"
        >
          <table
            class="table table-bordered leaderboard"
          >
            <thead>
              <tr>
                <th
                  scope="col"
                >
                  #
                </th>
                <th
                  scope="col"
                >
                  User
                </th>
                <th
                  scope="col"
                >
                  Answered
                </th>
                <th
                  scope="col"
                >
                  Created
                </th>
              </tr>
            </thead>
            <tbody>
              <tr>
                <th
                  scope="row"
                >
                  1
                </th>
                <td>
                  <div
                    class="list-group-item d-flex align-items-center"
                  >
                    <span
                      class="mr-3 rounded-circle"
                    >
                      <div
                        class="avatar"
                      >
                        <img
                          alt="Avatar"
                          class="avatar"
                          src="/assets/avatar_1.jpg"
                        />
                      </div>
                    </span>
                    <span
                      class="mr-auto"
                    >
                      Sarah Edo
                      <br />
                      <small
                        class="text-secondary"
                      >
                        sarahedo
                      </small>
                    </span>
                  </div>
                </td>
                <td>
                  2
                </td>
                <td>
                  2
                </td>
              </tr>
              <tr>
                <th
                  scope="row"
                >
                  2
                </th>
                <td>
                  <div
                    class="list-group-item d-flex align-items-center"
                  >
                    <span
                      class="mr-3 rounded-circle"
                    >
                      <div
                        class="avatar"
                      >
                        <img
                          alt="Avatar"
                          class="avatar"
                          src="/assets/avatar_3.jpg"
                        />
                      </div>
                    </span>
                    <span
                      class="mr-auto"
                    >
                      Tyler McGinnis
                      <br />
                      <small
                        class="text-secondary"
                      >
                        tylermcginnis
                      </small>
                    </span>
                  </div>
                </td>
                <td>
                  1
                </td>
                <td>
                  0
                </td>
              </tr>
              <tr>
                <th
                  scope="row"
                >
                  3
                </th>
                <td>
                  <div
                    class="list-group-item d-flex align-items-center"
                  >
                    <span
                      class="mr-3 rounded-circle"
                    >
                      <div
                        class="avatar"
                      >
                        <img
                          alt="Avatar"
                          class="avatar"
                          src="/assets/avatar_2.jpg"
                        />
                      </div>
                    </span>
                    <span
                      class="mr-auto"
                    >
                      John Doe
                      <br />
                      <small
                        class="text-secondary"
                      >
                        johndoe
                      </small>
                    </span>
                  </div>
                </td>
                <td>
                  0
                </td>
                <td>
                  0
                </td>
              </tr>
            </tbody>
          </table>
        </div>
      </div>
    </div>
  </div>
</div>
`;
