// Jest Snapshot v1, https://goo.gl/fbAQLP

exports[`Login should match the snapshot 1`] = `
<div>
  <div />
  <div>
    <nav
      class="navbar navbar-expand-lg bg-primary"
      data-testid="menu"
    >
      <div
        class="container"
      >
        <a
          class="navbar-brand link-light"
          href="/"
        >
          Employee Polls
        </a>
        <div
          class="collapse navbar-collapse"
          id="navbarText"
        >
          <ul
            class="navbar-nav me-auto mb-2 mb-lg-0"
          >
            <li
              class="nav-item"
            >
              <a
                class="nav-link active link-light"
                href="/"
              >
                Home
              </a>
            </li>
            <li
              class="nav-item"
            >
              <a
                class="nav-link link-light"
                href="/leaderboard"
              >
                Leaderboard
              </a>
            </li>
            <li
              class="nav-item"
            >
              <a
                class="nav-link link-light"
                href="/add"
              >
                Add question
              </a>
            </li>
          </ul>
          <ul
            class="navbar-nav mb-2 mb-lg-0"
          >
            <li
              class="nav-item"
            >
              <a
                class="nav-link link-light"
                href="/login"
              >
                Login
              </a>
            </li>
          </ul>
        </div>
      </div>
    </nav>
    <div
      class="container"
    >
      <div
        class="card auth mt-5 m-auto"
        role="contentinfo"
      >
        <div
          class="card-header bg-primary text-light"
        >
          <h2>
            Employee Polls
          </h2>
        </div>
        <div
          class="card-body"
        >
          <h5
            class="card-title"
          >
            Login
          </h5>
          <form>
            <div
              class="mb-3"
            >
              <label
                class="form-label"
                for="username"
              >
                Username
              </label>
              <input
                autocomplete="on"
                class="form-control"
                placeholder="Enter your username"
                type="text"
              />
            </div>
            <div
              class="mb-3"
            >
              <label
                class="form-label"
                for="password"
              >
                Password
              </label>
              <input
                class="form-control"
                placeholder="Enter your password"
                type="password"
              />
            </div>
            <button
              class="btn btn-primary"
              type="submit"
            >
              Sign in
            </button>
          </form>
        </div>
      </div>
    </div>
  </div>
</div>
`;
